[welecja.pl/index.html]
[backblue.gif]
[fade.gif]
[index.html]
[welecja.pl/templates/css/common.css]
[welecja.pl/templates/css/style.css]
[ajax.googleapis.com/ajax/libs/jquery/1.4/jquery.js]
[welecja.pl/filesMain/slajdy.js]
[welecja.pl/templates/js/core.js]
[welecja.pl/templates/images/favicon.ico]
[welecja.pl/filesMain/fancybox/jquery.easing-1.3.pack.js]
[welecja.pl/templates/images/nowy-naglowek.png]
[welecja.pl/filesMain/fancybox/fancybox.css]
[welecja.pl/filesMain/fancybox/fancybox.js]
[welecja.pl/2,Aktualnosci.html]
[welecja.pl/4,Podstawy.html]
[welecja.pl/5,Historia.html]
[welecja.pl/7,Album_Veletorum.html]
[welecja.pl/8,Korporacje.html]
[welecja.pl/9,Kontakt.html]
[welecja.pl/56,Dla_Weletow.html]
[welecja.pl/templates/images/aktualnosci.png]
[welecja.pl/templates/images/podstawy.png]
[welecja.pl/templates/images/czytelnia.png]
[welecja.pl/60,Tradycje_Korporacji_Akademickich.html]
[welecja.pl/57,Dom_Welecki.html]
[welecja.pl/pageFiles/various/2/2_m.jpg]
[welecja.pl/58,Szermierka.html]
[welecja.pl/pageFiles/various/3/3_m.jpg]
[welecja.pl/pageFiles/various/5/5_m.jpg]
[welecja.pl/pageFiles/various/4/4_m.jpg]
[welecja.pl/templates/images/wprowadzenie.jpg]
[welecja.pl/index.html]
[welecja.pl/templates/css/common.css]
[welecja.pl/templates/images/tloNowe.jpg]
[welecja.pl/templates/images/PIE.htc]
[welecja.pl/templates/images/menu3.png]
[welecja.pl/templates/images/tlocytat.png]
[welecja.pl/templates/images/eska.png]
[welecja.pl/templates/images/slajdBg.png]
[welecja.pl/templates/css/style.css]
[welecja.pl/templates/images/favicon.html]
[welecja.pl/filesMain/fancybox/img/fancybox.png]
[welecja.pl/filesMain/fancybox/img/blank.gif]
[welecja.pl/filesMain/fancybox/img/fancybox-x.png]
[welecja.pl/filesMain/fancybox/img/fancybox-y.png]
[welecja.pl/filesMain/fancybox/img/fancy_title_over.png]
[welecja.pl/filesMain/fancybox/img/fancy_close.png]
[welecja.pl/filesMain/fancybox/img/fancy_nav_left.png]
[welecja.pl/filesMain/fancybox/img/fancy_nav_right.png]
[welecja.pl/filesMain/fancybox/img/fancy_title_left.png]
[welecja.pl/filesMain/fancybox/img/fancy_title_main.png]
[welecja.pl/filesMain/fancybox/img/fancy_title_right.png]
[welecja.pl/filesMain/fancybox/img/fancy_loading.png]
[welecja.pl/filesMain/fancybox/img/fancy_shadow_n.png]
[welecja.pl/filesMain/fancybox/img/fancy_shadow_ne.png]
[welecja.pl/filesMain/fancybox/img/fancy_shadow_e.png]
[welecja.pl/filesMain/fancybox/img/fancy_shadow_se.png]
[welecja.pl/filesMain/fancybox/img/fancy_shadow_s.png]
[welecja.pl/filesMain/fancybox/img/fancy_shadow_sw.png]
[welecja.pl/filesMain/fancybox/img/fancy_shadow_w.png]
[welecja.pl/filesMain/fancybox/img/fancy_shadow_nw.png]
[welecja.pl/filesMain/fancybox/fancybox.css]
[welecja.pl/pageFiles/news/487/487.jpg]
[welecja.pl/pageFiles/news/487/487_m.jpg]
[welecja.pl/pageFiles/news/486/486.jpg]
[welecja.pl/pageFiles/news/486/486_m.jpg]
[welecja.pl/pageFiles/news/485/485.jpg]
[welecja.pl/pageFiles/news/485/485_m.jpg]
[welecja.pl/pageFiles/news/484/484.png]
[welecja.pl/pageFiles/news/484/484_m.png]
[welecja.pl/2,Aktualnosci/pageNr-97.html]
[welecja.pl/2,Aktualnosci/pageNr-5.html]
[welecja.pl/2,Aktualnosci/pageNr-4.html]
[welecja.pl/2,Aktualnosci/pageNr-3.html]
[welecja.pl/2,Aktualnosci/pageNr-2.html]
[welecja.pl/2,Aktualnosci.html]
[welecja.pl/2,Aktualnosci/pageNr-1.html]
[welecja.pl/pageFiles/static/4/4_m.jpg]
[welecja.pl/4,Podstawy.html]
[welecja.pl/pageFiles/static/5/5_m.jpg]
[welecja.pl/pageFiles/ckfinder/images/logo1-2_pl.jpg]
[welecja.pl/pageFiles/ckfinder/files/Inwentarz zespołu Korporacja Akademicka Welecja.docx]
[welecja.pl/5,Historia.html]
[welecja.pl/19,Ignacy_Moscicki.html]
[welecja.pl/27,Bohdan_Pniewski.html]
[welecja.pl/28,Jozef_Szanajca.html]
[welecja.pl/46,Franciszek_Lilpop.html]
[welecja.pl/29,Stanislaw_Lilpop.html]
[welecja.pl/23,Miroslaw_Gersdorf.html]
[welecja.pl/38,Juliusz_von_Maydell.html]
[welecja.pl/51,Jozef_Tuliszkowski.html]
[welecja.pl/20,Jan_Kubalski.html]
[welecja.pl/53,Maurycy_Chorzewski.html]
[welecja.pl/26,Tadeusz_Kubalski.html]
[welecja.pl/48,Edmund_Zaleski.html]
[welecja.pl/31,Konrad_Billewicz.html]
[welecja.pl/22,Ziemowit_Jasinski.html]
[welecja.pl/39,Ludwik_Garbowski.html]
[welecja.pl/33,Jan_Chwalibog.html]
[welecja.pl/35,Tadeusz_Ciszewski.html]
[welecja.pl/32,Antoni_Budny.html]
[welecja.pl/37,Henryk_Czopowski.html]
[welecja.pl/47,Leon_Marek_Suzin.html]
[welecja.pl/36,Czeslaw_Czekierski.html]
[welecja.pl/40,Tadeusz_Giedroyc.html]
[welecja.pl/42,Marian_Gumkowski.html]
[welecja.pl/45,Jerzy_Helczynski.html]
[welecja.pl/44,Rudolf_Gundlach.html]
[welecja.pl/49,Kazimierz_Kiersnowski.html]
[welecja.pl/50,Stefan_Higersberger.html]
[welecja.pl/pageFiles/static/7/7_m.png]
[welecja.pl/7,Album_Veletorum.html]
[welecja.pl/pageFiles/static/8/8_m.jpg]
[welecja.pl/8,Korporacje.html]
[welecja.pl/pageFiles/static/9/9_m.jpg]
[welecja.pl/9,Kontakt.html]
[welecja.pl/56,Dla_Weletow.html]
[welecja.pl/pageFiles/static/60/60_m.jpg]
[welecja.pl/60,Tradycje_Korporacji_Akademickich.html]
[welecja.pl/57,Dom_Welecki.html]
[welecja.pl/pageFiles/static/57/57_m.jpg]
[welecja.pl/pageFiles/static/58/58_m.jpg]
[welecja.pl/58,Szermierka.html]
[welecja.pl/pageFiles/news/217/217.png]
[welecja.pl/pageFiles/news/217/217_m.png]
[welecja.pl/pageFiles/news/221/221.jpg]
[welecja.pl/pageFiles/news/221/221_m.jpg]
[welecja.pl/2,Aktualnosci/pageNr-96.html]
[welecja.pl/2,Aktualnosci/pageNr-95.html]
[welecja.pl/2,Aktualnosci/pageNr-94.html]
[welecja.pl/2,Aktualnosci/pageNr-97.html]
[welecja.pl/pageFiles/news/467/467.png]
[welecja.pl/2,Aktualnosci/pageNr-93.html]
[welecja.pl/pageFiles/news/467/467_m.png]
[welecja.pl/pageFiles/news/466/466.jpg]
[welecja.pl/pageFiles/news/466/466_m.jpg]
[welecja.pl/pageFiles/news/466/466_1.jpg]
[welecja.pl/pageFiles/news/466/466_2.jpg]
[welecja.pl/pageFiles/news/464/464.jpg]
[welecja.pl/pageFiles/news/464/464_m.jpg]
[welecja.pl/2,Aktualnosci/pageNr-9.html]
[welecja.pl/2,Aktualnosci/pageNr-8.html]
[welecja.pl/2,Aktualnosci/pageNr-7.html]
[welecja.pl/2,Aktualnosci/pageNr-5.html]
[welecja.pl/pageFiles/news/473/473.jpg]
[welecja.pl/2,Aktualnosci/pageNr-6.html]
[welecja.pl/pageFiles/news/473/473_m.jpg]
[welecja.pl/pageFiles/news/473/473-2.jpg]
[welecja.pl/pageFiles/ckfinder/images/AP.png]
[welecja.pl/pageFiles/news/470/470.jpg]
[welecja.pl/2,Aktualnosci/pageNr-4.html]
[welecja.pl/2,Aktualnosci/pageNr-3.html]
[welecja.pl/2,Aktualnosci/pageNr-2.html]
[welecja.pl/2,Aktualnosci/pageNr-1.html]
[welecja.pl/19,Ignacy_Moscicki.html]
[welecja.pl/27,Bohdan_Pniewski.html]
[welecja.pl/28,Jozef_Szanajca.html]
[welecja.pl/46,Franciszek_Lilpop.html]
[welecja.pl/29,Stanislaw_Lilpop.html]
[welecja.pl/23,Miroslaw_Gersdorf.html]
[welecja.pl/38,Juliusz_von_Maydell.html]
[welecja.pl/51,Jozef_Tuliszkowski.html]
[welecja.pl/20,Jan_Kubalski.html]
[welecja.pl/53,Maurycy_Chorzewski.html]
[welecja.pl/26,Tadeusz_Kubalski.html]
[welecja.pl/48,Edmund_Zaleski.html]
[welecja.pl/31,Konrad_Billewicz.html]
[welecja.pl/22,Ziemowit_Jasinski.html]
[welecja.pl/39,Ludwik_Garbowski.html]
[welecja.pl/33,Jan_Chwalibog.html]
[welecja.pl/35,Tadeusz_Ciszewski.html]
[welecja.pl/32,Antoni_Budny.html]
[welecja.pl/37,Henryk_Czopowski.html]
[welecja.pl/47,Leon_Marek_Suzin.html]
[welecja.pl/36,Czeslaw_Czekierski.html]
[welecja.pl/40,Tadeusz_Giedroyc.html]
[welecja.pl/42,Marian_Gumkowski.html]
[welecja.pl/45,Jerzy_Helczynski.html]
[welecja.pl/44,Rudolf_Gundlach.html]
[welecja.pl/49,Kazimierz_Kiersnowski.html]
[welecja.pl/50,Stefan_Higersberger.html]
[welecja.pl/2,Aktualnosci/pageNr-96.html]
[welecja.pl/2,Aktualnosci/pageNr-95.html]
[welecja.pl/2,Aktualnosci/pageNr-94.html]
[welecja.pl/2,Aktualnosci/pageNr-93.html]
[welecja.pl/2,Aktualnosci/pageNr-9.html]
[welecja.pl/2,Aktualnosci/pageNr-8.html]
[welecja.pl/2,Aktualnosci/pageNr-7.html]
[welecja.pl/2,Aktualnosci/pageNr-6.html]
[welecja.pl/pageFiles/news/469/469.jpeg]
[welecja.pl/pageFiles/news/477/477.jpg]
[welecja.pl/pageFiles/news/477/477_m.jpg]
[welecja.pl/pageFiles/news/469/469_m.jpeg]
[welecja.pl/pageFiles/news/477/477_1.jpg]
[welecja.pl/pageFiles/news/475/475.jpg]
[welecja.pl/pageFiles/news/475/475_m.jpg]
[welecja.pl/pageFiles/news/480/480.jpg]
[welecja.pl/pageFiles/news/480/480_m.jpg]
[welecja.pl/pageFiles/news/479/479.png]
[welecja.pl/pageFiles/news/479/479_m.png]
[welecja.pl/pageFiles/news/212/212.jpg]
[welecja.pl/pageFiles/news/212/212_m.jpg]
[welecja.pl/pageFiles/news/213/213.jpg]
[welecja.pl/pageFiles/news/213/213_m.jpg]
[welecja.pl/pageFiles/news/214/214.gif]
[welecja.pl/pageFiles/news/214/214_m.gif]
[welecja.pl/pageFiles/news/216/216.jpg]
[welecja.pl/pageFiles/news/216/216_m.jpg]
[welecja.pl/2,Aktualnosci/pageNr-92]
[welecja.pl/pageFiles/news/210/210.jpg]
[welecja.pl/pageFiles/news/210/210_m.jpg]
[welecja.pl/2,Aktualnosci/pageNr-91]
[welecja.pl/2,Aktualnosci/pageNr-90]
[welecja.pl/2,Aktualnosci/pageNr-89]
[welecja.pl/pageFiles/news/441/441.jpg]
[welecja.pl/pageFiles/news/441/441_m.jpg]
[welecja.pl/pageFiles/news/443/443.png]
[welecja.pl/pageFiles/news/443/443_m.png]
[welecja.pl/pageFiles/news/444/444.jpg]
[welecja.pl/pageFiles/news/444/444_m.jpg]
[welecja.pl/2,Aktualnosci/pageNr-13]
[welecja.pl/2,Aktualnosci/pageNr-12]
[welecja.pl/2,Aktualnosci/pageNr-11]
[welecja.pl/pageFiles/news/450/450.jpg]
[welecja.pl/2,Aktualnosci/pageNr-10]
[welecja.pl/pageFiles/news/450/450_m.jpg]
[welecja.pl/pageFiles/news/452/452.jpg]
[welecja.pl/pageFiles/news/452/452_m.jpg]
[welecja.pl/pageFiles/news/453/453.jpg]
[welecja.pl/pageFiles/news/453/453_m.jpg]
[welecja.pl/pageFiles/news/448/448.jpg]
[welecja.pl/pageFiles/news/448/448_m.jpg]
[welecja.pl/pageFiles/news/459/459.jpg]
[welecja.pl/pageFiles/news/459/459_m.jpg]
[welecja.pl/pageFiles/news/457/457.png]
[welecja.pl/pageFiles/news/457/457_m.png]
[welecja.pl/pageFiles/news/456/456.png]
[welecja.pl/pageFiles/news/456/456_m.png]
[welecja.pl/pageFiles/news/455/455.png]
[welecja.pl/pageFiles/news/455/455_m.png]
[welecja.pl/pageFiles/ckfinder/images/54257987_266988794233228_8735292026351779840_n.png]
[welecja.pl/pageFiles/news/462/462.png]
[welecja.pl/pageFiles/news/462/462_m.png]
[welecja.pl/pageFiles/news/461/461.png]
[welecja.pl/pageFiles/news/461/461_m.png]
[welecja.pl/pageFiles/news/458/458.jpg]
[welecja.pl/pageFiles/news/458/458_m.jpg]
[welecja.pl/pageFiles/news/470/470.jpg]
[welecja.pl/pageFiles/news/470/470_m.jpg]
[welecja.pl/pageFiles/news/470/470_1.jpg]
[welecja.pl/pageFiles/news/470/470_2.jpg]
[welecja.pl/pageFiles/news/470/470_3.jpg]
[welecja.pl/2,Aktualnosci/pageNr-88.html]
[welecja.pl/2,Aktualnosci/pageNr-92]
[welecja.pl/pageFiles/news/187/187.jpg]
[welecja.pl/pageFiles/news/187/187_m.jpg]
[welecja.pl/pageFiles/news/188/188.jpg]
[welecja.pl/pageFiles/news/188/188_m.jpg]
[welecja.pl/2,Aktualnosci/pageNr-91]
[welecja.pl/pageFiles/news/182/182.jpg]
[welecja.pl/2,Aktualnosci/pageNr-87.html]
[welecja.pl/pageFiles/news/182/182_m.jpg]
[welecja.pl/pageFiles/news/185/185.jpg]
[welecja.pl/pageFiles/news/185/185_m.jpg]
[welecja.pl/2,Aktualnosci/pageNr-86.html]
[welecja.pl/2,Aktualnosci/pageNr-90]
[welecja.pl/pageFiles/news/177/177.jpg]
[welecja.pl/pageFiles/news/177/177_m.jpg]
[welecja.pl/pageFiles/news/178/178.jpg]
[welecja.pl/pageFiles/news/178/178_m.jpg]
[welecja.pl/pageFiles/news/179/179.jpg]
[welecja.pl/pageFiles/news/179/179_m.jpg]
[welecja.pl/pageFiles/news/180/180.jpg]
[welecja.pl/pageFiles/news/180/180_m.jpg]
[welecja.pl/2,Aktualnosci/pageNr-85.html]
[welecja.pl/2,Aktualnosci/pageNr-89]
[welecja.pl/pageFiles/ckfinder/images/20287197_1568674139819790_4627468458964809466_o.jpg]
[welecja.pl/2,Aktualnosci/pageNr-17.html]
[welecja.pl/2,Aktualnosci/pageNr-16.html]
[welecja.pl/2,Aktualnosci/pageNr-15.html]
[welecja.pl/2,Aktualnosci/pageNr-14.html]
[welecja.pl/2,Aktualnosci/pageNr-13]
[welecja.pl/pageFiles/ckfinder/images/Screen Shot 2017-12-14 at 21_20_50.png]
[welecja.pl/pageFiles/ckfinder/images/nekrolog.jpg]
[lisowskyrecenzje.files.wordpress.com/2015/11/wstazka-zalobna.jpg]
[welecja.pl/2,Aktualnosci/pageNr-12]
[welecja.pl/pageFiles/news/436/436.jpg]
[welecja.pl/pageFiles/news/436/436_m.jpg]
[welecja.pl/pageFiles/news/437/437.jpg]
[welecja.pl/pageFiles/news/437/437_m.jpg]
[welecja.pl/pageFiles/news/435/435.jpg]
[welecja.pl/pageFiles/news/435/435_m.jpg]
[welecja.pl/2,Aktualnosci/pageNr-11]
[welecja.pl/pageFiles/news/446/446.jpg]
[welecja.pl/pageFiles/news/446/446_m.jpg]
[welecja.pl/pageFiles/news/445/445.jpg]
[welecja.pl/pageFiles/news/445/445_m.jpg]
[welecja.pl/pageFiles/news/439/439.jpg]
[welecja.pl/pageFiles/news/439/439_m.jpg]
[welecja.pl/pageFiles/news/438/438.jpg]
[welecja.pl/pageFiles/news/438/438_m.jpg]
[welecja.pl/2,Aktualnosci/pageNr-10]
[welecja.pl/pageFiles/news/173/173.jpg]
[welecja.pl/pageFiles/news/173/173_m.jpg]
[welecja.pl/pageFiles/news/175/175.jpg]
[welecja.pl/pageFiles/news/175/175_m.jpg]
[welecja.pl/pageFiles/news/176/176.jpg]
[welecja.pl/pageFiles/news/176/176_m.jpg]
[welecja.pl/2,Aktualnosci/pageNr-84.html]
[welecja.pl/2,Aktualnosci/pageNr-88.html]
[welecja.pl/pageFiles/news/170/170.png]
[welecja.pl/pageFiles/news/170/170_m.png]
[welecja.pl/pageFiles/news/171/171.jpg]
[welecja.pl/pageFiles/news/171/171_m.jpg]
[welecja.pl/2,Aktualnosci/pageNr-83.html]
[welecja.pl/2,Aktualnosci/pageNr-87.html]
[welecja.pl/pageFiles/news/164/164.jpg]
[welecja.pl/pageFiles/news/164/164_m.jpg]
[welecja.pl/pageFiles/news/166/166.jpg]
[welecja.pl/pageFiles/news/166/166_m.jpg]
[welecja.pl/2,Aktualnosci/pageNr-82.html]
[welecja.pl/2,Aktualnosci/pageNr-86.html]
[welecja.pl/pageFiles/news/157/157.jpg]
[welecja.pl/pageFiles/news/157/157_m.jpg]
[welecja.pl/pageFiles/news/159/159.jpg]
[welecja.pl/pageFiles/news/159/159_m.jpg]
[welecja.pl/2,Aktualnosci/pageNr-85.html]
[welecja.pl/2,Aktualnosci/pageNr-81.html]
[welecja.pl/pageFiles/news/406/406.jpg]
[welecja.pl/pageFiles/news/406/406_m.jpg]
[welecja.pl/pageFiles/news/409/409.jpg]
[welecja.pl/pageFiles/news/409/409_m.jpg]
[welecja.pl/pageFiles/news/403/403.jpg]
[welecja.pl/pageFiles/news/403/403_m.jpg]
[welecja.pl/pageFiles/news/405/405.jpg]
[welecja.pl/pageFiles/news/405/405_m.jpg]
[welecja.pl/pageFiles/news/402/402.png]
[welecja.pl/pageFiles/news/402/402_m.png]
[welecja.pl/2,Aktualnosci/pageNr-21.html]
[welecja.pl/2,Aktualnosci/pageNr-20.html]
[welecja.pl/2,Aktualnosci/pageNr-19.html]
[welecja.pl/2,Aktualnosci/pageNr-18.html]
[welecja.pl/2,Aktualnosci/pageNr-17.html]
[welecja.pl/pageFiles/news/415/415.jpg]
[welecja.pl/pageFiles/news/415/415_m.jpg]
[welecja.pl/pageFiles/news/410/410.jpg]
[welecja.pl/pageFiles/news/410/410_m.jpg]
[welecja.pl/pageFiles/news/411/411.jpg]
[welecja.pl/pageFiles/news/411/411_m.jpg]
[welecja.pl/pageFiles/news/408/408.png]
[welecja.pl/pageFiles/news/408/408_m.png]
[welecja.pl/pageFiles/news/407/407.png]
[welecja.pl/pageFiles/news/407/407_m.png]
[welecja.pl/2,Aktualnosci/pageNr-16.html]
[welecja.pl/pageFiles/news/417/417.jpg]
[welecja.pl/pageFiles/news/417/417_m.jpg]
[welecja.pl/pageFiles/news/414/414.jpg]
[welecja.pl/pageFiles/news/414/414_m.jpg]
[welecja.pl/pageFiles/news/413/413.jpg]
[welecja.pl/pageFiles/news/413/413_m.jpg]
[welecja.pl/pageFiles/news/412/412.jpg]
[welecja.pl/pageFiles/news/412/412_m.jpg]
[welecja.pl/2,Aktualnosci/pageNr-15.html]
[welecja.pl/pageFiles/news/422/422.jpg]
[welecja.pl/pageFiles/news/422/422_m.jpg]
[welecja.pl/pageFiles/news/421/421.jpg]
[welecja.pl/pageFiles/news/421/421_m.jpg]
[welecja.pl/pageFiles/news/420/420.jpg]
[welecja.pl/pageFiles/news/420/420_m.jpg]
[welecja.pl/pageFiles/news/418/418.jpg]
[welecja.pl/pageFiles/news/418/418_m.jpg]
[welecja.pl/pageFiles/news/419/419.jpg]
[welecja.pl/pageFiles/news/419/419_m.jpg]
[welecja.pl/2,Aktualnosci/pageNr-14.html]
[welecja.pl/pageFiles/ckfinder/images/Screen Shot 2017-12-14 at 21_20_50.png]
[welecja.pl/pageFiles/news/152/152.jpg]
[welecja.pl/pageFiles/news/152/152_m.jpg]
[welecja.pl/pageFiles/news/153/153.jpg]
[welecja.pl/pageFiles/news/153/153_m.jpg]
[welecja.pl/2,Aktualnosci/pageNr-80.html]
[welecja.pl/2,Aktualnosci/pageNr-84.html]
[welecja.pl/pageFiles/news/148/148.jpg]
[welecja.pl/pageFiles/news/148/148_m.jpg]
[welecja.pl/pageFiles/news/149/149.jpg]
[welecja.pl/pageFiles/news/149/149_m.jpg]
[welecja.pl/pageFiles/news/150/150.jpg]
[welecja.pl/pageFiles/news/150/150_m.jpg]
[welecja.pl/pageFiles/news/151/151.jpg]
[welecja.pl/pageFiles/news/151/151_m.jpg]
[welecja.pl/2,Aktualnosci/pageNr-79.html]
[welecja.pl/2,Aktualnosci/pageNr-83.html]
[welecja.pl/pageFiles/news/144/144.jpg]
[welecja.pl/pageFiles/news/144/144_m.jpg]
[welecja.pl/pageFiles/news/145/145.jpg]
[welecja.pl/pageFiles/news/145/145_m.jpg]
[welecja.pl/pageFiles/news/146/146.jpg]
[welecja.pl/pageFiles/news/146/146_m.jpg]
[welecja.pl/2,Aktualnosci/pageNr-78.html]
[welecja.pl/2,Aktualnosci/pageNr-82.html]
[welecja.pl/pageFiles/news/138/138.jpg]
[welecja.pl/pageFiles/news/138/138_m.jpg]
[welecja.pl/2,Aktualnosci/pageNr-77.html]
[welecja.pl/2,Aktualnosci/pageNr-81.html]
[welecja.pl/pageFiles/ckfinder/images/zolnierze wykleci-12.jpg]
[welecja.pl/pageFiles/news/386/386.jpg]
[welecja.pl/pageFiles/news/386/386_m.jpg]
[welecja.pl/pageFiles/news/385/385.jpg]
[welecja.pl/pageFiles/news/385/385_m.jpg]
[welecja.pl/pageFiles/news/382/382.png]
[welecja.pl/pageFiles/news/382/382_m.png]
[welecja.pl/pageFiles/news/383/383.jpg]
[welecja.pl/pageFiles/news/383/383_m.jpg]
[welecja.pl/2,Aktualnosci/pageNr-25.html]
[welecja.pl/2,Aktualnosci/pageNr-24.html]
[welecja.pl/2,Aktualnosci/pageNr-23.html]
[welecja.pl/2,Aktualnosci/pageNr-21.html]
[welecja.pl/pageFiles/news/390/390.jpg]
[welecja.pl/2,Aktualnosci/pageNr-22.html]
[welecja.pl/pageFiles/news/390/390_m.jpg]
[welecja.pl/pageFiles/news/391/391.jpg]
[welecja.pl/pageFiles/news/391/391_m.jpg]
[welecja.pl/pageFiles/news/392/392.jpg]
[welecja.pl/pageFiles/news/392/392_m.jpg]
[welecja.pl/pageFiles/news/393/393.jpg]
[welecja.pl/pageFiles/news/393/393_m.jpg]
[welecja.pl/pageFiles/news/394/394.jpg]
[welecja.pl/pageFiles/news/394/394_m.jpg]
[welecja.pl/2,Aktualnosci/pageNr-20.html]
[welecja.pl/pageFiles/news/398/398.png]
[welecja.pl/pageFiles/news/398/398_m.png]
[welecja.pl/pageFiles/news/397/397.jpg]
[welecja.pl/pageFiles/news/397/397_m.jpg]
[welecja.pl/pageFiles/news/395/395.jpg]
[welecja.pl/pageFiles/news/395/395_m.jpg]
[welecja.pl/pageFiles/news/389/389.jpg]
[welecja.pl/pageFiles/news/389/389_m.jpg]
[welecja.pl/pageFiles/news/388/388.jpg]
[welecja.pl/pageFiles/news/388/388_m.jpg]
[welecja.pl/2,Aktualnosci/pageNr-19.html]
[welecja.pl/pageFiles/news/404/404.jpg]
[welecja.pl/pageFiles/news/404/404_m.jpg]
[welecja.pl/pageFiles/news/401/401.jpg]
[welecja.pl/pageFiles/news/401/401_m.jpg]
[welecja.pl/pageFiles/news/400/400.jpg]
[welecja.pl/pageFiles/news/400/400_m.jpg]
[welecja.pl/pageFiles/news/399/399.jpg]
[welecja.pl/pageFiles/news/399/399_m.jpg]
[welecja.pl/pageFiles/news/396/396.jpg]
[welecja.pl/pageFiles/news/396/396_m.jpg]
[welecja.pl/2,Aktualnosci/pageNr-18.html]
[welecja.pl/pageFiles/news/407/407.png]
[welecja.pl/pageFiles/ckfinder/images/Screen Shot 2017-12-14 at 21_20_50.png]
[welecja.pl/pageFiles/news/133/133.jpg]
[welecja.pl/pageFiles/news/133/133_m.jpg]
[welecja.pl/pageFiles/news/135/135.jpg]
[welecja.pl/pageFiles/news/135/135_m.jpg]
[welecja.pl/2,Aktualnosci/pageNr-76.html]
[welecja.pl/2,Aktualnosci/pageNr-80.html]
[welecja.pl/pageFiles/news/128/128.jpg]
[welecja.pl/pageFiles/news/128/128_m.jpg]
[welecja.pl/pageFiles/news/129/129.gif]
[welecja.pl/pageFiles/news/129/129_m.gif]
[welecja.pl/2,Aktualnosci/pageNr-75.html]
[welecja.pl/2,Aktualnosci/pageNr-79.html]
[welecja.pl/pageFiles/news/122/122.jpg]
[welecja.pl/pageFiles/news/122/122_m.jpg]
[welecja.pl/pageFiles/news/122/122_1.jpg]
[welecja.pl/pageFiles/news/123/123.jpg]
[welecja.pl/pageFiles/news/123/123_m.jpg]
[welecja.pl/pageFiles/news/126/126.jpg]
[welecja.pl/pageFiles/news/126/126_m.jpg]
[welecja.pl/2,Aktualnosci/pageNr-74.html]
[welecja.pl/2,Aktualnosci/pageNr-78.html]
[welecja.pl/pageFiles/news/117/117.png]
[welecja.pl/pageFiles/news/117/117_m.png]
[welecja.pl/pageFiles/news/118/118.jpg]
[welecja.pl/pageFiles/news/118/118_m.jpg]
[welecja.pl/pageFiles/news/121/121.jpg]
[welecja.pl/pageFiles/news/121/121_m.jpg]
[welecja.pl/2,Aktualnosci/pageNr-77.html]
[welecja.pl/pageFiles/news/373/373.jpg]
[welecja.pl/2,Aktualnosci/pageNr-73.html]
[welecja.pl/pageFiles/news/373/373_m.jpg]
[welecja.pl/pageFiles/news/363/363.jpg]
[welecja.pl/pageFiles/news/363/363_m.jpg]
[welecja.pl/pageFiles/news/364/364.jpg]
[welecja.pl/pageFiles/news/364/364_m.jpg]
[welecja.pl/pageFiles/news/361/361.png]
[welecja.pl/pageFiles/news/361/361_m.png]
[welecja.pl/pageFiles/news/366/366.jpg]
[welecja.pl/pageFiles/news/366/366_m.jpg]
[welecja.pl/2,Aktualnosci/pageNr-28.html]
[welecja.pl/2,Aktualnosci/pageNr-27.html]
[welecja.pl/2,Aktualnosci/pageNr-26.html]
[welecja.pl/2,Aktualnosci/pageNr-25.html]
[welecja.pl/pageFiles/news/367/367.jpg]
[welecja.pl/pageFiles/news/367/367_m.jpg]
[welecja.pl/pageFiles/news/370/370.jpg]
[welecja.pl/pageFiles/news/370/370_m.jpg]
[welecja.pl/pageFiles/news/368/368.jpg]
[welecja.pl/pageFiles/news/368/368_m.jpg]
[welecja.pl/pageFiles/news/369/369.jpg]
[welecja.pl/pageFiles/news/369/369_m.jpg]
[welecja.pl/pageFiles/news/371/371.jpg]
[welecja.pl/pageFiles/news/371/371_m.jpg]
[welecja.pl/2,Aktualnosci/pageNr-24.html]
[welecja.pl/pageFiles/news/375/375.jpg]
[welecja.pl/pageFiles/news/375/375_m.jpg]
[welecja.pl/pageFiles/news/378/378.png]
[welecja.pl/pageFiles/news/378/378_m.png]
[welecja.pl/pageFiles/news/377/377.jpg]
[welecja.pl/pageFiles/news/377/377_m.jpg]
[welecja.pl/pageFiles/news/374/374.jpg]
[welecja.pl/pageFiles/news/374/374_m.jpg]
[welecja.pl/pageFiles/news/372/372.jpg]
[welecja.pl/pageFiles/news/372/372_m.jpg]
[welecja.pl/2,Aktualnosci/pageNr-23.html]
[welecja.pl/pageFiles/news/380/380.jpg]
[welecja.pl/pageFiles/news/380/380_m.jpg]
[welecja.pl/pageFiles/news/381/381.jpg]
[welecja.pl/pageFiles/news/381/381_m.jpg]
[welecja.pl/pageFiles/news/384/384.png]
[welecja.pl/pageFiles/news/384/384_m.png]
[welecja.pl/pageFiles/news/379/379.jpg]
[welecja.pl/pageFiles/news/379/379_m.jpg]
[welecja.pl/pageFiles/news/376/376.jpg]
[welecja.pl/pageFiles/news/376/376_m.jpg]
[welecja.pl/2,Aktualnosci/pageNr-22.html]
[welecja.pl/pageFiles/news/112/112.jpg]
[welecja.pl/pageFiles/news/112/112_m.jpg]
[welecja.pl/pageFiles/news/114/114.gif]
[welecja.pl/pageFiles/news/114/114_m.gif]
[welecja.pl/pageFiles/news/115/115.gif]
[welecja.pl/pageFiles/news/115/115_m.gif]
[welecja.pl/pageFiles/news/116/116.gif]
[welecja.pl/pageFiles/news/116/116_m.gif]
[welecja.pl/2,Aktualnosci/pageNr-76.html]
[welecja.pl/2,Aktualnosci/pageNr-72.html]
[welecja.pl/pageFiles/news/108/108.jpg]
[welecja.pl/pageFiles/news/108/108_m.jpg]
[welecja.pl/pageFiles/news/109/109.jpg]
[welecja.pl/pageFiles/news/109/109_m.jpg]
[welecja.pl/pageFiles/news/110/110.jpg]
[welecja.pl/pageFiles/news/110/110_m.jpg]
[welecja.pl/pageFiles/news/111/111.jpg]
[welecja.pl/pageFiles/news/111/111_m.jpg]
[welecja.pl/2,Aktualnosci/pageNr-71.html]
[welecja.pl/2,Aktualnosci/pageNr-75.html]
[welecja.pl/2,Aktualnosci/pageNr-70.html]
[welecja.pl/2,Aktualnosci/pageNr-74.html]
[welecja.pl/pageFiles/news/95/95.jpg]
[welecja.pl/pageFiles/news/95/95_m.jpg]
[welecja.pl/pageFiles/news/218/218.jpg]
[welecja.pl/pageFiles/news/218/218_m.jpg]
[welecja.pl/pageFiles/news/100/100.jpg]
[welecja.pl/pageFiles/news/100/100_m.jpg]
[welecja.pl/pageFiles/news/101/101.jpg]
[welecja.pl/pageFiles/news/101/101_m.jpg]
[welecja.pl/2,Aktualnosci/pageNr-73.html]
[welecja.pl/2,Aktualnosci/pageNr-69.html]
[welecja.pl/pageFiles/news/352/352.jpg]
[welecja.pl/2,Aktualnosci/pageNr-29]
[welecja.pl/pageFiles/news/352/352_m.jpg]
[welecja.pl/pageFiles/news/351/351.jpg]
[welecja.pl/pageFiles/news/351/351_m.jpg]
[welecja.pl/pageFiles/news/350/350.jpg]
[welecja.pl/pageFiles/news/350/350_m.jpg]
[welecja.pl/pageFiles/news/349/349.jpg]
[welecja.pl/pageFiles/news/349/349_m.jpg]
[welecja.pl/pageFiles/news/347/347.jpg]
[welecja.pl/pageFiles/news/347/347_m.jpg]
[welecja.pl/2,Aktualnosci/pageNr-32.html]
[welecja.pl/2,Aktualnosci/pageNr-31.html]
[welecja.pl/2,Aktualnosci/pageNr-28.html]
[welecja.pl/pageFiles/news/357/357.jpg]
[welecja.pl/2,Aktualnosci/pageNr-30.html]
[welecja.pl/pageFiles/news/357/357_m.jpg]
[welecja.pl/pageFiles/news/356/356.jpg]
[welecja.pl/pageFiles/news/356/356_m.jpg]
[welecja.pl/pageFiles/news/355/355.png]
[welecja.pl/pageFiles/news/355/355_m.png]
[welecja.pl/pageFiles/news/354/354.jpg]
[welecja.pl/pageFiles/news/354/354_m.jpg]
[welecja.pl/pageFiles/news/353/353.jpg]
[welecja.pl/pageFiles/news/353/353_m.jpg]
[welecja.pl/2,Aktualnosci/pageNr-27.html]
[welecja.pl/pageFiles/news/362/362.png]
[welecja.pl/pageFiles/news/362/362_m.png]
[welecja.pl/pageFiles/news/365/365.jpg]
[welecja.pl/pageFiles/news/365/365_m.jpg]
[welecja.pl/pageFiles/news/360/360.jpg]
[welecja.pl/pageFiles/news/360/360_m.jpg]
[welecja.pl/pageFiles/news/359/359.png]
[welecja.pl/pageFiles/news/359/359_m.png]
[welecja.pl/pageFiles/news/358/358.jpg]
[welecja.pl/pageFiles/news/358/358_m.jpg]
[welecja.pl/2,Aktualnosci/pageNr-26.html]
[welecja.pl/pageFiles/news/370/370.jpg]
[welecja.pl/pageFiles/news/90/90.jpg]
[welecja.pl/pageFiles/news/90/90_m.jpg]
[welecja.pl/pageFiles/news/91/91.jpg]
[welecja.pl/pageFiles/news/91/91_m.jpg]
[welecja.pl/pageFiles/news/93/93.jpg]
[welecja.pl/pageFiles/news/93/93_m.jpg]
[welecja.pl/2,Aktualnosci/pageNr-68.html]
[welecja.pl/2,Aktualnosci/pageNr-72.html]
[welecja.pl/pageFiles/news/84/84.jpg]
[welecja.pl/pageFiles/news/84/84_m.jpg]
[welecja.pl/pageFiles/news/85/85.jpg]
[welecja.pl/pageFiles/news/85/85_m.jpg]
[welecja.pl/pageFiles/news/86/86.jpg]
[welecja.pl/pageFiles/news/86/86_m.jpg]
[welecja.pl/pageFiles/news/87/87.jpg]
[welecja.pl/pageFiles/news/87/87_m.jpg]
[welecja.pl/pageFiles/news/88/88.jpg]
[welecja.pl/pageFiles/news/88/88_m.jpg]
[welecja.pl/2,Aktualnosci/pageNr-71.html]
[welecja.pl/2,Aktualnosci/pageNr-67.html]
[welecja.pl/pageFiles/news/79/79.jpg]
[welecja.pl/pageFiles/news/79/79_m.jpg]
[welecja.pl/pageFiles/news/80/80.jpg]
[welecja.pl/pageFiles/news/80/80_m.jpg]
[welecja.pl/pageFiles/news/81/81.jpg]
[welecja.pl/pageFiles/news/81/81_m.jpg]
[welecja.pl/pageFiles/news/82/82.jpg]
[welecja.pl/pageFiles/news/82/82_m.jpg]
[welecja.pl/pageFiles/news/83/83.jpg]
[welecja.pl/pageFiles/news/83/83_m.jpg]
[welecja.pl/2,Aktualnosci/pageNr-66.html]
[welecja.pl/2,Aktualnosci/pageNr-70.html]
[welecja.pl/pageFiles/news/74/74.jpg]
[welecja.pl/pageFiles/news/74/74_m.jpg]
[welecja.pl/pageFiles/news/75/75.jpg]
[welecja.pl/pageFiles/news/75/75_m.jpg]
[welecja.pl/pageFiles/news/76/76.jpg]
[welecja.pl/pageFiles/news/76/76_m.jpg]
[welecja.pl/pageFiles/news/77/77.jpg]
[welecja.pl/pageFiles/news/77/77_m.jpg]
[welecja.pl/pageFiles/news/78/78.jpg]
[welecja.pl/pageFiles/news/78/78_m.jpg]
[welecja.pl/2,Aktualnosci/pageNr-65.html]
[welecja.pl/2,Aktualnosci/pageNr-69.html]
[welecja.pl/pageFiles/news/346/346.jpg]
[welecja.pl/pageFiles/news/346/346_m.jpg]
[welecja.pl/pageFiles/news/345/345.jpg]
[welecja.pl/pageFiles/news/345/345_m.jpg]
[welecja.pl/pageFiles/news/344/344.jpg]
[welecja.pl/pageFiles/news/344/344_m.jpg]
[welecja.pl/pageFiles/news/342/342.jpg]
[welecja.pl/pageFiles/news/342/342_m.jpg]
[welecja.pl/pageFiles/news/343/343.png]
[welecja.pl/pageFiles/news/343/343_m.png]
[welecja.pl/2,Aktualnosci/pageNr-33.html]
[welecja.pl/2,Aktualnosci/pageNr-29]
[welecja.pl/pageFiles/news/331/331.jpg]
[welecja.pl/pageFiles/news/331/331_m.jpg]
[welecja.pl/pageFiles/news/329/329.png]
[welecja.pl/pageFiles/news/329/329_m.png]
[welecja.pl/2,Aktualnosci/pageNr-36.html]
[welecja.pl/2,Aktualnosci/pageNr-35.html]
[welecja.pl/2,Aktualnosci/pageNr-32.html]
[welecja.pl/pageFiles/news/336/336.jpg]
[welecja.pl/2,Aktualnosci/pageNr-34.html]
[welecja.pl/pageFiles/news/336/336_m.jpg]
[welecja.pl/pageFiles/news/334/334.jpg]
[welecja.pl/pageFiles/news/334/334_m.jpg]
[welecja.pl/pageFiles/news/333/333.jpg]
[welecja.pl/pageFiles/news/333/333_m.jpg]
[welecja.pl/pageFiles/news/332/332.png]
[welecja.pl/pageFiles/news/332/332_m.png]
[welecja.pl/2,Aktualnosci/pageNr-31.html]
[welecja.pl/pageFiles/news/341/341.jpg]
[welecja.pl/pageFiles/news/341/341_m.jpg]
[welecja.pl/pageFiles/news/340/340.png]
[welecja.pl/pageFiles/news/340/340_m.png]
[welecja.pl/pageFiles/news/339/339.gif]
[welecja.pl/pageFiles/news/339/339_m.gif]
[welecja.pl/pageFiles/news/338/338.jpg]
[welecja.pl/pageFiles/news/338/338_m.jpg]
[welecja.pl/pageFiles/news/337/337.jpg]
[welecja.pl/pageFiles/news/337/337_m.jpg]
[welecja.pl/2,Aktualnosci/pageNr-30.html]
[welecja.pl/pageFiles/news/71/71.jpg]
[welecja.pl/pageFiles/news/71/71_m.jpg]
[welecja.pl/pageFiles/news/72/72.jpg]
[welecja.pl/pageFiles/news/72/72_m.jpg]
[welecja.pl/pageFiles/news/73/73.jpg]
[welecja.pl/pageFiles/news/73/73_m.jpg]
[welecja.pl/2,Aktualnosci/pageNr-64.html]
[welecja.pl/2,Aktualnosci/pageNr-68.html]
[welecja.pl/pageFiles/news/32/32.jpg]
[welecja.pl/pageFiles/news/32/32_m.jpg]
[welecja.pl/pageFiles/news/33/33.jpg]
[welecja.pl/pageFiles/news/33/33_m.jpg]
[welecja.pl/pageFiles/news/66/66.jpg]
[welecja.pl/pageFiles/news/66/66_m.jpg]
[welecja.pl/pageFiles/news/68/68.jpg]
[welecja.pl/pageFiles/news/68/68_m.jpg]
[welecja.pl/2,Aktualnosci/pageNr-67.html]
[welecja.pl/pageFiles/news/25/25.jpg]
[welecja.pl/2,Aktualnosci/pageNr-63.html]
[welecja.pl/pageFiles/news/25/25_m.jpg]
[welecja.pl/pageFiles/news/26/26.jpg]
[welecja.pl/pageFiles/news/26/26_m.jpg]
[welecja.pl/pageFiles/news/27/27.jpg]
[welecja.pl/pageFiles/news/27/27_m.jpg]
[welecja.pl/pageFiles/news/28/28.jpg]
[welecja.pl/pageFiles/news/28/28_m.jpg]
[welecja.pl/2,Aktualnosci/pageNr-62.html]
[welecja.pl/2,Aktualnosci/pageNr-66.html]
[welecja.pl/pageFiles/news/19/19.jpg]
[welecja.pl/pageFiles/news/19/19_m.jpg]
[welecja.pl/pageFiles/news/20/20.jpg]
[welecja.pl/pageFiles/news/20/20_m.jpg]
[welecja.pl/pageFiles/news/21/21.jpg]
[welecja.pl/pageFiles/news/21/21_m.jpg]
[welecja.pl/pageFiles/news/23/23.jpg]
[welecja.pl/pageFiles/news/23/23_m.jpg]
[welecja.pl/pageFiles/news/24/24.jpg]
[welecja.pl/pageFiles/news/24/24_m.jpg]
[welecja.pl/2,Aktualnosci/pageNr-65.html]
[welecja.pl/2,Aktualnosci/pageNr-61.html]
[welecja.pl/2,Aktualnosci/pageNr-33.html]
[welecja.pl/pageFiles/news/308/308.jpg]
[welecja.pl/2,Aktualnosci/pageNr-37.html]
[welecja.pl/pageFiles/news/308/308_m.jpg]
[welecja.pl/pageFiles/news/305/305.jpg]
[welecja.pl/pageFiles/news/305/305_m.jpg]
[welecja.pl/2,Aktualnosci/pageNr-40.html]
[welecja.pl/2,Aktualnosci/pageNr-36.html]
[welecja.pl/2,Aktualnosci/pageNr-39.html]
[welecja.pl/2,Aktualnosci/pageNr-35.html]
[welecja.pl/2,Aktualnosci/pageNr-38.html]
[welecja.pl/pageFiles/news/317/317.jpg]
[welecja.pl/pageFiles/news/317/317_m.jpg]
[welecja.pl/2,Aktualnosci/pageNr-34.html]
[welecja.pl/pageFiles/news/64/64.jpg]
[welecja.pl/pageFiles/news/64/64_m.jpg]
[welecja.pl/pageFiles/news/65/65.jpg]
[welecja.pl/pageFiles/news/65/65_m.jpg]
[welecja.pl/pageFiles/news/15/15.png]
[welecja.pl/pageFiles/news/15/15_m.png]
[welecja.pl/pageFiles/news/16/16.jpg]
[welecja.pl/pageFiles/news/16/16_m.jpg]
[welecja.pl/pageFiles/news/17/17.jpg]
[welecja.pl/pageFiles/news/17/17_m.jpg]
[welecja.pl/2,Aktualnosci/pageNr-60.html]
[welecja.pl/2,Aktualnosci/pageNr-64.html]
[welecja.pl/pageFiles/news/60/60.png]
[welecja.pl/pageFiles/news/60/60_m.png]
[welecja.pl/pageFiles/news/22/22.jpg]
[welecja.pl/pageFiles/news/22/22_m.jpg]
[welecja.pl/pageFiles/news/61/61.jpg]
[welecja.pl/pageFiles/news/61/61_m.jpg]
[welecja.pl/pageFiles/news/62/62.jpg]
[welecja.pl/pageFiles/news/62/62_m.jpg]
[welecja.pl/pageFiles/news/63/63.jpg]
[welecja.pl/pageFiles/news/63/63_m.jpg]
[welecja.pl/2,Aktualnosci/pageNr-59.html]
[welecja.pl/2,Aktualnosci/pageNr-63.html]
[welecja.pl/pageFiles/news/55/55.jpg]
[welecja.pl/pageFiles/news/55/55_m.jpg]
[welecja.pl/pageFiles/news/56/56.jpg]
[welecja.pl/pageFiles/news/56/56_m.jpg]
[welecja.pl/pageFiles/news/57/57.jpg]
[welecja.pl/pageFiles/news/57/57_m.jpg]
[welecja.pl/pageFiles/news/58/58.jpg]
[welecja.pl/pageFiles/news/58/58_m.jpg]
[welecja.pl/pageFiles/news/59/59.jpg]
[welecja.pl/pageFiles/news/59/59_m.jpg]
[welecja.pl/2,Aktualnosci/pageNr-62.html]
[welecja.pl/2,Aktualnosci/pageNr-58.html]
[welecja.pl/pageFiles/news/51/51.jpg]
[welecja.pl/pageFiles/news/51/51_m.jpg]
[welecja.pl/pageFiles/news/52/52.jpg]
[welecja.pl/pageFiles/news/52/52_m.jpg]
[welecja.pl/pageFiles/news/53/53.jpg]
[welecja.pl/pageFiles/news/53/53_m.jpg]
[welecja.pl/pageFiles/news/54/54.jpg]
[welecja.pl/pageFiles/news/54/54_m.jpg]
[welecja.pl/pageFiles/news/13/13.jpg]
[welecja.pl/pageFiles/news/13/13_m.jpg]
[welecja.pl/2,Aktualnosci/pageNr-57.html]
[welecja.pl/2,Aktualnosci/pageNr-61.html]
[welecja.pl/pageFiles/news/303/303.png]
[welecja.pl/pageFiles/news/303/303_m.png]
[welecja.pl/pageFiles/news/301/301.jpg]
[welecja.pl/pageFiles/news/301/301_m.jpg]
[welecja.pl/2,Aktualnosci/pageNr-41.html]
[welecja.pl/2,Aktualnosci/pageNr-37.html]
[welecja.pl/pageFiles/news/289/289.png]
[welecja.pl/pageFiles/news/289/289_m.png]
[welecja.pl/pageFiles/news/287/287.jpg]
[welecja.pl/pageFiles/news/287/287_m.jpg]
[welecja.pl/pageFiles/news/287/287_1.jpg]
[welecja.pl/pageFiles/news/287/287_2.jpg]
[welecja.pl/2,Aktualnosci/pageNr-44.html]
[welecja.pl/2,Aktualnosci/pageNr-43.html]
[welecja.pl/2,Aktualnosci/pageNr-42.html]
[welecja.pl/2,Aktualnosci/pageNr-40.html]
[welecja.pl/pageFiles/news/296/296.jpg]
[welecja.pl/pageFiles/news/296/296_m.jpg]
[welecja.pl/pageFiles/news/293/293.png]
[welecja.pl/pageFiles/news/293/293_m.png]
[welecja.pl/2,Aktualnosci/pageNr-39.html]
[welecja.pl/pageFiles/news/300/300.jpg]
[welecja.pl/pageFiles/news/300/300_m.jpg]
[welecja.pl/pageFiles/news/302/302.png]
[welecja.pl/pageFiles/news/302/302_m.png]
[welecja.pl/pageFiles/news/298/298.jpg]
[welecja.pl/pageFiles/news/298/298_m.jpg]
[welecja.pl/2,Aktualnosci/pageNr-38.html]
[welecja.pl/pageFiles/news/96/96.jpg]
[welecja.pl/pageFiles/news/96/96_m.jpg]
[welecja.pl/pageFiles/news/48/48.jpg]
[welecja.pl/pageFiles/news/48/48_m.jpg]
[welecja.pl/pageFiles/news/49/49.jpg]
[welecja.pl/pageFiles/news/49/49_m.jpg]
[welecja.pl/pageFiles/news/14/14.jpg]
[welecja.pl/pageFiles/news/14/14_m.jpg]
[welecja.pl/2,Aktualnosci/pageNr-56.html]
[welecja.pl/2,Aktualnosci/pageNr-60.html]
[welecja.pl/pageFiles/news/43/43.jpg]
[welecja.pl/pageFiles/news/43/43_m.jpg]
[welecja.pl/pageFiles/news/44/44.jpg]
[welecja.pl/pageFiles/news/44/44_m.jpg]
[welecja.pl/pageFiles/news/45/45.jpg]
[welecja.pl/pageFiles/news/45/45_m.jpg]
[welecja.pl/pageFiles/news/46/46.jpg]
[welecja.pl/pageFiles/news/46/46_m.jpg]
[welecja.pl/pageFiles/news/47/47.jpg]
[welecja.pl/pageFiles/news/47/47_m.jpg]
[welecja.pl/2,Aktualnosci/pageNr-59.html]
[welecja.pl/2,Aktualnosci/pageNr-55.html]
[welecja.pl/pageFiles/news/38/38.jpg]
[welecja.pl/pageFiles/news/38/38_m.jpg]
[welecja.pl/pageFiles/news/39/39.jpg]
[welecja.pl/pageFiles/news/39/39_m.jpg]
[welecja.pl/pageFiles/news/40/40.jpg]
[welecja.pl/pageFiles/news/40/40_m.jpg]
[welecja.pl/pageFiles/news/41/41.jpg]
[welecja.pl/pageFiles/news/41/41_m.jpg]
[welecja.pl/pageFiles/news/42/42.jpg]
[welecja.pl/pageFiles/news/42/42_m.jpg]
[welecja.pl/2,Aktualnosci/pageNr-58.html]
[welecja.pl/pageFiles/news/18/18.jpg]
[welecja.pl/2,Aktualnosci/pageNr-54.html]
[welecja.pl/pageFiles/news/18/18_m.jpg]
[welecja.pl/pageFiles/news/34/34.jpg]
[welecja.pl/pageFiles/news/34/34_m.jpg]
[welecja.pl/pageFiles/news/35/35.jpg]
[welecja.pl/pageFiles/news/35/35_m.jpg]
[welecja.pl/pageFiles/news/36/36.gif]
[welecja.pl/pageFiles/news/36/36_m.gif]
[welecja.pl/pageFiles/news/37/37.jpg]
[welecja.pl/pageFiles/news/37/37_m.jpg]
[welecja.pl/2,Aktualnosci/pageNr-57.html]
[welecja.pl/pageFiles/news/286/286.jpg]
[welecja.pl/2,Aktualnosci/pageNr-53.html]
[welecja.pl/pageFiles/news/286/286_m.jpg]
[welecja.pl/2,Aktualnosci/pageNr-41.html]
[welecja.pl/pageFiles/news/265/265.jpg]
[welecja.pl/2,Aktualnosci/pageNr-45.html]
[welecja.pl/pageFiles/news/265/265_m.jpg]
[welecja.pl/pageFiles/news/265/265_1.jpg]
[welecja.pl/2,Aktualnosci/pageNr-48.html]
[welecja.pl/2,Aktualnosci/pageNr-47.html]
[welecja.pl/2,Aktualnosci/pageNr-44.html]
[welecja.pl/2,Aktualnosci/pageNr-43.html]
[welecja.pl/2,Aktualnosci/pageNr-42.html]
[welecja.pl/pageFiles/news/9/9.jpg]
[welecja.pl/2,Aktualnosci/pageNr-46.html]
[welecja.pl/pageFiles/news/9/9_m.jpg]
[welecja.pl/pageFiles/news/4/4.jpg]
[welecja.pl/pageFiles/news/4/4_m.jpg]
[welecja.pl/pageFiles/news/10/10.jpg]
[welecja.pl/pageFiles/news/10/10_m.jpg]
[welecja.pl/pageFiles/news/12/12.jpg]
[welecja.pl/pageFiles/news/12/12_m.jpg]
[welecja.pl/2,Aktualnosci/pageNr-52.html]
[welecja.pl/2,Aktualnosci/pageNr-56.html]
[welecja.pl/pageFiles/news/6/6.jpg]
[welecja.pl/pageFiles/news/6/6_m.jpg]
[welecja.pl/pageFiles/news/1/1_1.jpg]
[welecja.pl/pageFiles/news/1/1_1_m.jpg]
[welecja.pl/pageFiles/news/1/1.jpg]
[welecja.pl/pageFiles/news/1/1_2.jpg]
[welecja.pl/pageFiles/news/1/1_3.jpg]
[welecja.pl/pageFiles/news/7/7.jpg]
[welecja.pl/pageFiles/news/7/7_m.jpg]
[welecja.pl/pageFiles/news/11/11.jpg]
[welecja.pl/pageFiles/news/11/11_m.jpg]
[welecja.pl/pageFiles/news/8/8.jpg]
[welecja.pl/pageFiles/news/8/8_m.jpg]
[welecja.pl/2,Aktualnosci/pageNr-51.html]
[welecja.pl/2,Aktualnosci/pageNr-55.html]
[welecja.pl/pageFiles/news/224/224.jpg]
[welecja.pl/pageFiles/news/224/224_m.jpg]
[welecja.pl/pageFiles/news/98/98.jpg]
[welecja.pl/pageFiles/news/98/98_m.jpg]
[welecja.pl/pageFiles/news/97/97.jpg]
[welecja.pl/pageFiles/news/97/97_m.jpg]
[welecja.pl/pageFiles/news/3/3.jpg]
[welecja.pl/pageFiles/news/3/3_m.jpg]
[welecja.pl/pageFiles/news/5/5.jpg]
[welecja.pl/pageFiles/news/5/5_m.jpg]
[welecja.pl/2,Aktualnosci/pageNr-50.html]
[welecja.pl/2,Aktualnosci/pageNr-54.html]
[welecja.pl/pageFiles/news/226/226.gif]
[welecja.pl/pageFiles/news/226/226_m.gif]
[welecja.pl/pageFiles/news/222/222.jpg]
[welecja.pl/pageFiles/news/222/222_m.jpg]
[welecja.pl/pageFiles/news/222/222_1.jpg]
[welecja.pl/pageFiles/news/227/227.jpg]
[welecja.pl/pageFiles/news/227/227_m.jpg]
[welecja.pl/2,Aktualnosci/pageNr-53.html]
[welecja.pl/pageFiles/news/261/261.jpg]
[welecja.pl/2,Aktualnosci/pageNr-49.html]
[welecja.pl/pageFiles/news/261/261_m.jpg]
[welecja.pl/pageFiles/news/264/264.jpg]
[welecja.pl/pageFiles/news/264/264_m.jpg]
[welecja.pl/pageFiles/news/262/262.jpg]
[welecja.pl/pageFiles/news/262/262_m.jpg]
[welecja.pl/pageFiles/news/269/269.jpg]
[welecja.pl/pageFiles/news/269/269_m.jpg]
[welecja.pl/pageFiles/news/269/269_1.jpg]
[welecja.pl/2,Aktualnosci/pageNr-45.html]
[welecja.pl/pageFiles/news/251/251.jpg]
[welecja.pl/pageFiles/news/251/251_m.jpg]
[welecja.pl/pageFiles/news/250/250.jpg]
[welecja.pl/pageFiles/news/250/250_m.jpg]
[welecja.pl/pageFiles/news/248/248.jpg]
[welecja.pl/pageFiles/news/248/248_m.jpg]
[welecja.pl/pageFiles/news/246/246.jpg]
[welecja.pl/pageFiles/news/246/246_m.jpg]
[welecja.pl/2,Aktualnosci/pageNr-48.html]
[welecja.pl/pageFiles/news/253/253.jpg]
[welecja.pl/pageFiles/news/253/253_m.jpg]
[welecja.pl/2,Aktualnosci/pageNr-47.html]
[welecja.pl/pageFiles/news/263/263.jpg]
[welecja.pl/pageFiles/news/263/263_m.jpg]
[welecja.pl/pageFiles/news/260/260.jpg]
[welecja.pl/pageFiles/news/260/260_m.jpg]
[welecja.pl/pageFiles/news/259/259.jpg]
[welecja.pl/pageFiles/news/259/259_m.jpg]
[welecja.pl/pageFiles/news/258/258.jpg]
[welecja.pl/pageFiles/news/258/258_m.jpg]
[welecja.pl/2,Aktualnosci/pageNr-46.html]
[welecja.pl/pageFiles/news/231/231.jpg]
[welecja.pl/pageFiles/news/231/231_m.jpg]
[welecja.pl/pageFiles/news/230/230.jpg]
[welecja.pl/pageFiles/news/230/230_m.jpg]
[welecja.pl/pageFiles/news/229/229.png]
[welecja.pl/pageFiles/news/229/229_m.png]
[welecja.pl/pageFiles/news/228/228.jpg]
[welecja.pl/pageFiles/news/228/228_m.jpg]
[welecja.pl/pageFiles/news/225/225.jpg]
[welecja.pl/pageFiles/news/225/225_m.jpg]
[welecja.pl/2,Aktualnosci/pageNr-52.html]
[welecja.pl/pageFiles/news/236/236.gif]
[welecja.pl/pageFiles/news/236/236_m.gif]
[welecja.pl/pageFiles/news/235/235.gif]
[welecja.pl/pageFiles/news/235/235_m.gif]
[welecja.pl/pageFiles/news/234/234.jpg]
[welecja.pl/pageFiles/news/234/234_m.jpg]
[welecja.pl/pageFiles/news/232/232.jpg]
[welecja.pl/pageFiles/news/232/232_m.jpg]
[welecja.pl/2,Aktualnosci/pageNr-51.html]
[welecja.pl/pageFiles/news/241/241.jpg]
[welecja.pl/pageFiles/news/241/241_m.jpg]
[welecja.pl/pageFiles/news/239/239.jpg]
[welecja.pl/pageFiles/news/239/239_m.jpg]
[welecja.pl/pageFiles/news/238/238.jpg]
[welecja.pl/pageFiles/news/238/238_m.jpg]
[welecja.pl/pageFiles/news/237/237.jpg]
[welecja.pl/pageFiles/news/237/237_m.jpg]
[welecja.pl/2,Aktualnosci/pageNr-50.html]
[welecja.pl/pageFiles/news/243/243.jpg]
[welecja.pl/pageFiles/news/243/243_m.jpg]
[welecja.pl/pageFiles/news/247/247.jpg]
[welecja.pl/pageFiles/news/247/247_m.jpg]
[welecja.pl/pageFiles/news/244/244.jpg]
[welecja.pl/pageFiles/news/244/244_m.jpg]
[welecja.pl/pageFiles/news/245/245.png]
[welecja.pl/pageFiles/news/245/245_m.png]
[welecja.pl/pageFiles/news/242/242.jpg]
[welecja.pl/pageFiles/news/242/242_m.jpg]
[welecja.pl/2,Aktualnosci/pageNr-49.html]
